Archive member included because of file (symbol)

/opt/arm-2009q1/bin/../lib/gcc/arm-none-eabi/4.3.3/libgcc.a(_udivsi3.o)
                              drv.o (__aeabi_uidivmod)
/opt/arm-2009q1/bin/../lib/gcc/arm-none-eabi/4.3.3/libgcc.a(_divsi3.o)
                              drv.o (__aeabi_idiv)
/opt/arm-2009q1/bin/../lib/gcc/arm-none-eabi/4.3.3/libgcc.a(_dvmd_tls.o)
                              /opt/arm-2009q1/bin/../lib/gcc/arm-none-eabi/4.3.3/libgcc.a(_udivsi3.o) (__aeabi_idiv0)

Allocating common symbols
Common symbol       size              file

dstnsb              0x4               main.o
dstnsa              0x4               main.o
status              0x4               main.o

Discarded input sections

 .data          0x00000000        0x0 asmfunc.o
 .text          0x00000000        0x0 main.o
 .data          0x00000000        0x0 main.o
 .bss           0x00000000        0x0 main.o
 .text.Delay    0x00000000        0x0 main.o
 COMMON         0x00000000        0x0 main.o
 .text          0x00000000        0x0 drv.o
 .data          0x00000000        0x0 drv.o
 .bss           0x00000000        0x0 drv.o
 .text.stepperinit
                0x00000000        0x0 drv.o
 .text.vStepper0rise
                0x00000000        0x0 drv.o
 .text.vStepper0down
                0x00000000        0x0 drv.o
 .text.vStepper1rise
                0x00000000        0x0 drv.o
 .text.vStepper1down
                0x00000000        0x0 drv.o
 .text.lwheeltsk
                0x00000000        0x0 drv.o
 .text.rwheeltsk
                0x00000000        0x0 drv.o
 .text.wheel    0x00000000        0x0 drv.o
 .bss.blinky.2244
                0x00000000        0x0 drv.o
 .bss.pasttimes.2246
                0x00000000        0x0 drv.o
 .data.radvlcty.2221
                0x00000000        0x0 drv.o
 .bss.odd.2223  0x00000000        0x0 drv.o
 .data.radvlcty.2243
                0x00000000        0x0 drv.o
 .bss.blinky.2222
                0x00000000        0x0 drv.o
 .bss.pasttimes.2224
                0x00000000        0x0 drv.o
 .bss.odd.2245  0x00000000        0x0 drv.o
 .text          0x00000000        0x0 /opt/arm-2009q1/bin/../lib/gcc/arm-none-eabi/4.3.3/libgcc.a(_udivsi3.o)
 .data          0x00000000        0x0 /opt/arm-2009q1/bin/../lib/gcc/arm-none-eabi/4.3.3/libgcc.a(_udivsi3.o)
 .bss           0x00000000        0x0 /opt/arm-2009q1/bin/../lib/gcc/arm-none-eabi/4.3.3/libgcc.a(_udivsi3.o)
 .text          0x00000000        0x0 /opt/arm-2009q1/bin/../lib/gcc/arm-none-eabi/4.3.3/libgcc.a(_divsi3.o)
 .data          0x00000000        0x0 /opt/arm-2009q1/bin/../lib/gcc/arm-none-eabi/4.3.3/libgcc.a(_divsi3.o)
 .bss           0x00000000        0x0 /opt/arm-2009q1/bin/../lib/gcc/arm-none-eabi/4.3.3/libgcc.a(_divsi3.o)
 .text          0x00000000        0x0 /opt/arm-2009q1/bin/../lib/gcc/arm-none-eabi/4.3.3/libgcc.a(_dvmd_tls.o)
 .data          0x00000000        0x0 /opt/arm-2009q1/bin/../lib/gcc/arm-none-eabi/4.3.3/libgcc.a(_dvmd_tls.o)
 .bss           0x00000000        0x0 /opt/arm-2009q1/bin/../lib/gcc/arm-none-eabi/4.3.3/libgcc.a(_dvmd_tls.o)

Memory Configuration

Name             Origin             Length             Attributes
ROM              0x00000000         0x0007e000         xr
RAM              0x40000000         0x0000ffe0         w
URAM             0x7fd00000         0x00004000         w
ERAM             0x7fe00000         0x00004000         w
BRAM             0xe0084000         0x00000800         w
*default*        0x00000000         0xffffffff

Linker script and memory map

LOAD asmfunc.o
LOAD main.o
LOAD drv.o
LOAD /opt/arm-2009q1/bin/../lib/gcc/arm-none-eabi/4.3.3/../../../../arm-none-eabi/lib/libc.a
LOAD /opt/arm-2009q1/bin/../lib/gcc/arm-none-eabi/4.3.3/../../../../arm-none-eabi/lib/libm.a
LOAD /opt/arm-2009q1/bin/../lib/gcc/arm-none-eabi/4.3.3/../../../../arm-none-eabi/lib/libc.a
LOAD /opt/arm-2009q1/bin/../lib/gcc/arm-none-eabi/4.3.3/libgcc.a
START GROUP
LOAD /opt/arm-2009q1/bin/../lib/gcc/arm-none-eabi/4.3.3/libgcc.a
LOAD /opt/arm-2009q1/bin/../lib/gcc/arm-none-eabi/4.3.3/../../../../arm-none-eabi/lib/libc.a
END GROUP

.text           0x00000000      0x67c
 *(.VECTOR)
 .VECTOR        0x00000000       0x40 asmfunc.o
 *(.text .text.*)
 .text          0x00000040      0x394 asmfunc.o
                0x0000026c                Sleep
                0x00000204                FiqDisable
                0x00000214                ClearVector
                0x0000028c                Load_Block
                0x000001f4                IrqDisable
                0x00000238                DispatchTask
                0x000001fc                IrqEnable
                0x000002fc                Store_Block
                0x0000020c                FiqEnable
                0x00000224                StartTask
                0x0000021c                RegisterVector
 .text.Isr_TIMER0
                0x000003d4       0x28 main.o
                0x000003d4                Isr_TIMER0
 .text.Delay_ms
                0x000003fc       0x1c main.o
                0x000003fc                Delay_ms
 .text.ymzwrite0
                0x00000418       0x68 main.o
                0x00000418                ymzwrite0
 .text.ymzwrite1
                0x00000480       0x38 main.o
                0x00000480                ymzwrite1
 .text.main     0x000004b8      0x120 main.o
                0x000004b8                main
 .text.set_pll  0x000005d8       0xa4 drv.o
                0x000005d8                set_pll
 *(.gnu.linkonce.t.*)
 *(.glue_7)
 .glue_7        0x00000000        0x0 linker stubs
 *(.glue_7t)
 .glue_7t       0x00000000        0x0 linker stubs
 *(.gcc_except_table)
 *(.rodata)
 *(.rodata*)
 *(.gnu.linkonce.r.*)
                0x0000067c                . = ALIGN (0x4)

.vfp11_veneer   0x0000067c        0x0
 .vfp11_veneer  0x00000000        0x0 linker stubs

.v4_bx          0x0000067c        0x0
 .v4_bx         0x00000000        0x0 linker stubs
                0x0000067c                . = ALIGN (0x4)
                0x0000067c                _etext = .
                0x0000067c                PROVIDE (etext, .)

.data           0x40000000        0x4 load address 0x0000067c
                0x40000000                _data = .
 *(.data)
 *(.data.*)
 .data.g_i      0x40000000        0x4 main.o
                0x40000000                g_i
 *(.gnu.linkonce.d*)
                0x40000004                . = ALIGN (0x4)
                0x40000004                . = ALIGN (0x4)
                0x40000004                _edata = .
                0x40000004                PROVIDE (edata, .)

.bss            0x40000004        0x8 load address 0x00000680
                0x40000004                __bss_start = .
                0x40000004                __bss_start__ = .
 *(.bss)
 .bss           0x40000004        0x8 asmfunc.o
 *(.bss.*)
 *(.gnu.linkonce.b*)
 *(COMMON)
                0x4000000c                . = ALIGN (0x4)
                0x4000000c                . = ALIGN (0x4)
                0x4000000c                __bss_end__ = .
                0x4000000c                PROVIDE (__bss_end, .)

.stack          0x40000010      0xa00
 *(.stack)
 *(.STACK)
 .STACK         0x40000010      0xa00 asmfunc.o
                0x40000a10                PROVIDE (_stack, .)
                0x40000a10                . = ALIGN (0x4)
                0x40000a10                _end = .
                0x40000a10                PROVIDE (end, .)

.usbram         0x7fd00000        0x0
                0x7fd00000                __usbram_start = .
                0x7fd00000                __usbram_start__ = .
 *(.usbram)
                0x7fd00000                . = ALIGN (0x4)

.etherram       0x7fe00000        0x0
                0x7fe00000                __etherram_start = .
                0x7fe00000                __etherram_start__ = .
 *(.etherram)
                0x7fe00000                . = ALIGN (0x4)

.batteryram     0xe0084000        0x0
                0xe0084000                __batteryram_start = .
                0xe0084000                __batteryram_start__ = .
 *(.batteryram)
                0xe0084000                . = ALIGN (0x4)

.stab
 *(.stab)

.stabstr
 *(.stabstr)

.stab.excl
 *(.stab.excl)

.stab.exclstr
 *(.stab.exclstr)

.stab.index
 *(.stab.index)

.stab.indexstr
 *(.stab.indexstr)

.HEAP           0x00000000        0x0
 .HEAP          0x00000000        0x0 asmfunc.o

.ARM.attributes
                0x00000000       0x2e
 .ARM.attributes
                0x00000000       0x22 asmfunc.o
 .ARM.attributes
                0x00000022       0x32 main.o
 .ARM.attributes
                0x00000054       0x32 drv.o
 .ARM.attributes
                0x00000086       0x16 /opt/arm-2009q1/bin/../lib/gcc/arm-none-eabi/4.3.3/libgcc.a(_udivsi3.o)
 .ARM.attributes
                0x0000009c       0x16 /opt/arm-2009q1/bin/../lib/gcc/arm-none-eabi/4.3.3/libgcc.a(_divsi3.o)
 .ARM.attributes
                0x000000b2       0x14 /opt/arm-2009q1/bin/../lib/gcc/arm-none-eabi/4.3.3/libgcc.a(_dvmd_tls.o)

.comment        0x00000000       0x56
 *(.comment)
 .comment       0x00000000       0x2b main.o
 .comment       0x0000002b       0x2b drv.o

.debug
 *(.debug)

.line
 *(.line)

.debug_srcinfo
 *(.debug_srcinfo)

.debug_sfnames
 *(.debug_sfnames)

.debug_aranges  0x00000000       0xd0
 *(.debug_aranges)
 .debug_aranges
                0x00000000       0x28 asmfunc.o
 .debug_aranges
                0x00000028       0x48 main.o
 .debug_aranges
                0x00000070       0x60 drv.o

.debug_pubnames
                0x00000000      0x143
 *(.debug_pubnames)
 .debug_pubnames
                0x00000000       0x86 main.o
 .debug_pubnames
                0x00000086       0xbd drv.o

.debug_info     0x00000000      0x3ea
 *(.debug_info .gnu.linkonce.wi.*)
 .debug_info    0x00000000       0x4a asmfunc.o
 .debug_info    0x0000004a      0x17d main.o
 .debug_info    0x000001c7      0x223 drv.o

.debug_abbrev   0x00000000      0x1a9
 *(.debug_abbrev)
 .debug_abbrev  0x00000000       0x12 asmfunc.o
 .debug_abbrev  0x00000012       0xe9 main.o
 .debug_abbrev  0x000000fb       0xae drv.o

.debug_line     0x00000000      0x356
 *(.debug_line)
 .debug_line    0x00000000      0x12f asmfunc.o
 .debug_line    0x0000012f       0xe2 main.o
 .debug_line    0x00000211      0x145 drv.o

.debug_frame    0x00000000      0x19c
 *(.debug_frame)
 .debug_frame   0x00000000       0x9c main.o
 .debug_frame   0x0000009c       0xc0 drv.o
 .debug_frame   0x0000015c       0x20 /opt/arm-2009q1/bin/../lib/gcc/arm-none-eabi/4.3.3/libgcc.a(_udivsi3.o)
 .debug_frame   0x0000017c       0x20 /opt/arm-2009q1/bin/../lib/gcc/arm-none-eabi/4.3.3/libgcc.a(_divsi3.o)

.debug_str      0x00000000      0x199
 *(.debug_str)
 .debug_str     0x00000000       0x9c main.o
                                 0xbb (size before relaxing)
 .debug_str     0x0000009c       0xfd drv.o
                                0x157 (size before relaxing)

.debug_loc      0x00000000      0x1b1
 *(.debug_loc)
 .debug_loc     0x00000000       0xe4 main.o
 .debug_loc     0x000000e4       0xcd drv.o

.debug_macinfo
 *(.debug_macinfo)

.debug_weaknames
 *(.debug_weaknames)

.debug_funcnames
 *(.debug_funcnames)

.debug_typenames
 *(.debug_typenames)

.debug_varnames
 *(.debug_varnames)
OUTPUT(main.elf elf32-littlearm)

.debug_ranges   0x00000000       0xb8
 .debug_ranges  0x00000000       0x20 asmfunc.o
 .debug_ranges  0x00000020       0x40 main.o
 .debug_ranges  0x00000060       0x58 drv.o

Cross Reference Table

Symbol                                            File
ClearVector                                       asmfunc.o
Delay                                             main.o
Delay_ms                                          main.o
DispatchTask                                      asmfunc.o
FiqDisable                                        asmfunc.o
FiqEnable                                         asmfunc.o
IrqDisable                                        asmfunc.o
IrqEnable                                         asmfunc.o
                                                  main.o
Isr_TIMER0                                        main.o
Load_Block                                        asmfunc.o
RegisterVector                                    asmfunc.o
                                                  main.o
Sleep                                             asmfunc.o
StartTask                                         asmfunc.o
Store_Block                                       asmfunc.o
__aeabi_idiv                                      /opt/arm-2009q1/bin/../lib/gcc/arm-none-eabi/4.3.3/libgcc.a(_divsi3.o)
                                                  drv.o
__aeabi_idiv0                                     /opt/arm-2009q1/bin/../lib/gcc/arm-none-eabi/4.3.3/libgcc.a(_dvmd_tls.o)
                                                  /opt/arm-2009q1/bin/../lib/gcc/arm-none-eabi/4.3.3/libgcc.a(_divsi3.o)
                                                  /opt/arm-2009q1/bin/../lib/gcc/arm-none-eabi/4.3.3/libgcc.a(_udivsi3.o)
__aeabi_idivmod                                   /opt/arm-2009q1/bin/../lib/gcc/arm-none-eabi/4.3.3/libgcc.a(_divsi3.o)
__aeabi_ldiv0                                     /opt/arm-2009q1/bin/../lib/gcc/arm-none-eabi/4.3.3/libgcc.a(_dvmd_tls.o)
__aeabi_uidiv                                     /opt/arm-2009q1/bin/../lib/gcc/arm-none-eabi/4.3.3/libgcc.a(_udivsi3.o)
__aeabi_uidivmod                                  /opt/arm-2009q1/bin/../lib/gcc/arm-none-eabi/4.3.3/libgcc.a(_udivsi3.o)
                                                  drv.o
__bss_end__                                       asmfunc.o
__bss_start__                                     asmfunc.o
__divsi3                                          /opt/arm-2009q1/bin/../lib/gcc/arm-none-eabi/4.3.3/libgcc.a(_divsi3.o)
__udivsi3                                         /opt/arm-2009q1/bin/../lib/gcc/arm-none-eabi/4.3.3/libgcc.a(_udivsi3.o)
_data                                             asmfunc.o
_edata                                            asmfunc.o
_etext                                            asmfunc.o
dstnsa                                            drv.o
                                                  main.o
dstnsb                                            drv.o
                                                  main.o
g_i                                               main.o
lwheeltsk                                         drv.o
main                                              main.o
                                                  asmfunc.o
rwheeltsk                                         drv.o
set_pll                                           drv.o
                                                  main.o
status                                            drv.o
                                                  main.o
stepperinit                                       drv.o
vStepper0down                                     drv.o
vStepper0rise                                     drv.o
vStepper1down                                     drv.o
vStepper1rise                                     drv.o
wheel                                             drv.o
ymzwrite0                                         main.o
ymzwrite1                                         main.o
